interactions:
- request:
    body: grant_type=client_credentials
    headers:
      Accept:
      - application/json
      Accept-Encoding:
      - gzip, deflate
      Authorization:
      - DUMMY
      Connection:
      - keep-alive
      Content-Length:
      - '29'
      Content-Type:
      - application/x-www-form-urlencoded;charset=UTF-8
      User-Agent:
      - python-requests/2.27.1
    method: POST
    uri: https://cloudsso.cisco.com/as/token.oauth2
  response:
    body:
      string: '{"access_token":"puKBgXc84N9tszKu0rtR1ZEpZ8EE","token_type":"Bearer","expires_in":3599}'
    headers:
      Access-Control-Allow-Origin:
      - '*'
      Cache-Control:
      - no-cache, no-store
      Connection:
      - Keep-Alive
      Content-Type:
      - application/json;charset=utf-8
      Date:
      - Thu, 10 Feb 2022 04:29:20 GMT
      Expires:
      - Thu, 01 Jan 1970 00:00:00 GMT
      Keep-Alive:
      - timeout=2, max=1000
      Pragma:
      - no-cache
      Set-Cookie:
      - PF=67rGeOADWD6F7v73OkRG2P;Path=/;Secure;HttpOnly;SameSite=None
      Transfer-Encoding:
      - chunked
    status:
      code: 200
      message: OK
- request:
    body: grant_type=client_credentials
    headers:
      Accept:
      - application/json
      Accept-Encoding:
      - gzip, deflate
      Authorization:
      - DUMMY
      Connection:
      - keep-alive
      Content-Length:
      - '29'
      Content-Type:
      - application/x-www-form-urlencoded;charset=UTF-8
      Cookie:
      - PF=67rGeOADWD6F7v73OkRG2P
      User-Agent:
      - python-requests/2.27.1
    method: POST
    uri: https://cloudsso.cisco.com/as/token.oauth2
  response:
    body:
      string: '{"access_token":"TDIlL3AGS1P18gUPi5dWGEyIeBVE","token_type":"Bearer","expires_in":3599}'
    headers:
      Access-Control-Allow-Origin:
      - '*'
      Cache-Control:
      - no-cache, no-store
      Connection:
      - Keep-Alive
      Content-Type:
      - application/json;charset=utf-8
      Date:
      - Thu, 10 Feb 2022 04:29:20 GMT
      Expires:
      - Thu, 01 Jan 1970 00:00:00 GMT
      Keep-Alive:
      - timeout=2, max=999
      Pragma:
      - no-cache
      Transfer-Encoding:
      - chunked
    status:
      code: 200
      message: OK
- request:
    body: null
    headers:
      Accept:
      - '*/*'
      Accept-Encoding:
      - gzip, deflate
      Authorization:
      - DUMMY
      Connection:
      - keep-alive
      User-Agent:
      - python-requests/2.27.1
    method: GET
    uri: https://api.cisco.com/sn2info/v2/coverage/owner_status/serial_numbers/FXS2130Q286?page_index=1&pageIndex=1
  response:
    body:
      string: '{"serial_numbers":[{"sr_no":"FXS2130Q286","is_covered":"YES","coverage_end_date":"2023-12-31","sr_no_owner":"YES"}]}'
    headers:
      Cache-Control:
      - private
      Date:
      - Thu, 10 Feb 2022 04:29:20 GMT
      Transfer-Encoding:
      - chunked
      X-Mashery-Message-ID:
      - 102fdac4-3a14-4587-86b6-417320fad068
      access-control-allow-credentials:
      - 'true'
      access-control-allow-headers:
      - Content-type, fromPartyID, inputFormat, outputFormat, Authorization, Content-Length,
        Accept, Origin
      access-control-allow-methods:
      - GET, POST, PUT, DELETE, PATCH, OPTIONS
      content-type:
      - application/json;charset=UTF-8
      server:
      - Apache-Coyote/1.1
      set-cookie:
      - 2e3b7c7c3322598b3ab8148ccdebc7c8=ccab14508f51dca65622a34f5e2e7003; path=/;
        HttpOnly; Secure
      strict-transport-security:
      - max-age=31536000; includeSubDomains; preload;
      x-rp-ssl-name:
      - cae-prd-alln-prt-ext-kube-rp-1.cisco.com
    status:
      code: 200
      message: OK
version: 1
